
Welcome to Gradle 9.2.1!

Here are the highlights of this release:
 - Windows ARM support
 - Improved publishing APIs
 - Better guidance for dependency verification failures

For more details see https://docs.gradle.org/9.2.1/release-notes.html

To honour the JVM settings for this build a single-use Daemon process will be forked. For more on this, please refer to https://docs.gradle.org/9.2.1/userguide/gradle_daemon.html#sec:disabling_the_daemon in the Gradle documentation.
Daemon will be stopped at the end of the build 

> Configure project :
Enabling dist annotations on PMJ

> Task :cacheVersionManifest26.1.2
> Task :cacheVersionExecutableClient26.1.2
> Task :cacheVersionExecutableServer26.1.2
> Task :neoFormSetup
> Task :neoFormApplyAccessTransformer
> Task :neoFormApplyInterfaceInjections
> Task :supplyRawJarForneoFormJoined26.1.2-1
> Task :selectRawArtifactNg_dummy_ng.net.neoforged_neoforge_26.1.2.95

> Task :compileJava
Note: Some input files use or override a deprecated API.
Note: Recompile with -Xlint:deprecation for details.

> Task :processResources
> Task :classes
> Task :jar
> Task :jarJar SKIPPED
> Task :assemble
> Task :compileTestJava NO-SOURCE
> Task :processTestResources NO-SOURCE
> Task :testClasses UP-TO-DATE
> Task :test NO-SOURCE
> Task :neoFormJoined26.1.2-1DownloadAssets
> Task :neoFormJoined26.1.2-1ExtractNatives
> Task :testJunit NO-SOURCE
> Task :check UP-TO-DATE
> Task :build
gradle/actions: Writing build results to /home/runner/work/_temp/.gradle-actions/build-results/__run-1787213333947.json

[Incubating] Problems report is available at: file:///home/runner/work/Quamtum-Tolls/Quamtum-Tolls/build/reports/problems/problems-report.html

BUILD SUCCESSFUL in 1m 38s
13 actionable tasks: 13 executed
Consider enabling configuration cache to speed up this build: https://docs.gradle.org/9.2.1/userguide/configuration_cache_enabling.html
